dal117.proto:19:3: error DAL117: rpc GetByMissing get.by: dal117.Order has no field "missing"
dal117.proto:25:3: error DAL117: rpc ListByColumnName list.eq: dal117.Order has no field "order_state" ("order_state" is the column of field "state"; references use field names)
dal117.proto:30:3: error DAL117: rpc ListBadRangeAndSort list.order_by: field "id" is listed more than once
dal117.proto:30:3: error DAL117: rpc ListBadRangeAndSort list.order_by: field "legacy" is deprecated; deprecated fields are excluded from generated reads and writes
dal117.proto:30:3: error DAL117: rpc ListBadRangeAndSort list.range: dal117.Order has no field "nope"
dal117.proto:38:3: error DAL117: rpc UpdateDeprecated update.columns: field "legacy" is deprecated; deprecated fields are excluded from generated reads and writes
dal117.proto:38:3: error DAL117: rpc UpdateDeprecated update.columns: field "note" is listed more than once
dal117.proto:43:3: error DAL117: rpc UpsertBadConflict upsert.conflict_on: dal117.Order has no field "ghost"
