{
  "tables": [
    {
      "name": "item",
      "entity": "defaults.v1.Item",
      "columns": [
        {
          "name": "tenant_id",
          "field": "tenant_id",
          "number": 1,
          "type": "uuid",
          "not_null": true,
          "go_type": {
            "import": "github.com/google/uuid",
            "name": "UUID"
          }
        },
        {
          "name": "id",
          "field": "id",
          "number": 2,
          "type": "uuid",
          "not_null": true,
          "go_type": {
            "import": "github.com/google/uuid",
            "name": "UUID"
          }
        },
        {
          "name": "sku",
          "field": "sku",
          "number": 3,
          "type": "text",
          "not_null": true,
          "unique": true,
          "go_type": {
            "name": "string"
          }
        },
        {
          "name": "name",
          "field": "name",
          "number": 4,
          "type": "text",
          "not_null": true,
          "go_type": {
            "name": "string"
          }
        },
        {
          "name": "color",
          "field": "color",
          "number": 5,
          "type": "text",
          "go_type": {
            "name": "string",
            "pointer": true
          }
        },
        {
          "name": "version",
          "field": "version",
          "number": 7,
          "type": "bigint",
          "not_null": true,
          "default": "1",
          "go_type": {
            "name": "int64"
          }
        },
        {
          "name": "created_at",
          "field": "created_at",
          "number": 8,
          "type": "timestamptz",
          "not_null": true,
          "default": "now()",
          "go_type": {
            "import": "time",
            "name": "Time"
          }
        },
        {
          "name": "updated_at",
          "field": "updated_at",
          "number": 9,
          "type": "timestamptz",
          "not_null": true,
          "default": "now()",
          "go_type": {
            "import": "time",
            "name": "Time"
          }
        },
        {
          "name": "deleted_at",
          "field": "deleted_at",
          "number": 10,
          "type": "timestamptz",
          "go_type": {
            "import": "time",
            "name": "Time",
            "pointer": true
          }
        }
      ],
      "primary_key": [
        "tenant_id",
        "id"
      ],
      "indexes": [
        {
          "name": "item_tenant_id_created_at_id_idx",
          "columns": [
            {
              "column": "tenant_id"
            },
            {
              "column": "created_at"
            },
            {
              "column": "id"
            }
          ],
          "where": "deleted_at IS NULL",
          "derived": true,
          "for": [
            "ListItemsByTenantAndCreatedAt"
          ]
        },
        {
          "name": "item_tenant_id_created_at_id_desc_idx",
          "columns": [
            {
              "column": "tenant_id"
            },
            {
              "column": "created_at"
            },
            {
              "column": "id",
              "desc": true
            }
          ],
          "where": "deleted_at IS NULL",
          "derived": true,
          "for": [
            "ListItemsByTenantNewest"
          ]
        }
      ],
      "pos": {
        "file": "defaults/v1/defaults.proto",
        "line": 10,
        "col": 1
      }
    }
  ],
  "paths": {
    "ItemStore.ListItemsByTenant": {
      "eq": [
        "tenant_id"
      ],
      "keys": [
        {
          "field": "id"
        }
      ],
      "index": "primary key"
    },
    "ItemStore.ListItemsByTenantAndCreatedAt": {
      "eq": [
        "tenant_id"
      ],
      "range": "created_at",
      "keys": [
        {
          "field": "created_at"
        },
        {
          "field": "id"
        }
      ],
      "index": "item_tenant_id_created_at_id_idx"
    },
    "ItemStore.ListItemsByTenantNewest": {
      "eq": [
        "tenant_id"
      ],
      "keys": [
        {
          "field": "created_at",
          "desc": true
        },
        {
          "field": "id"
        }
      ],
      "mixed": true,
      "index": "item_tenant_id_created_at_id_desc_idx"
    }
  }
}
