{
  "tables": [
    {
      "name": "orders",
      "entity": "orders.v1.Order",
      "columns": [
        {
          "name": "id",
          "field": "id",
          "number": 1,
          "type": "uuid",
          "not_null": true,
          "go_type": {
            "import": "github.com/google/uuid",
            "name": "UUID"
          }
        },
        {
          "name": "account_id",
          "field": "account_id",
          "number": 2,
          "type": "uuid",
          "not_null": true,
          "go_type": {
            "import": "github.com/google/uuid",
            "name": "UUID"
          }
        },
        {
          "name": "status",
          "field": "status",
          "number": 3,
          "type": "text",
          "not_null": true,
          "default": "'pending'",
          "go_type": {
            "name": "string"
          }
        },
        {
          "name": "note",
          "field": "note",
          "number": 4,
          "type": "text",
          "go_type": {
            "name": "string",
            "pointer": true
          }
        },
        {
          "name": "version",
          "field": "version",
          "number": 5,
          "type": "bigint",
          "not_null": true,
          "default": "1",
          "go_type": {
            "name": "int64"
          }
        },
        {
          "name": "created_at",
          "field": "created_at",
          "number": 6,
          "type": "timestamptz",
          "not_null": true,
          "default": "now()",
          "go_type": {
            "import": "time",
            "name": "Time"
          }
        },
        {
          "name": "updated_at",
          "field": "updated_at",
          "number": 7,
          "type": "timestamptz",
          "not_null": true,
          "default": "now()",
          "go_type": {
            "import": "time",
            "name": "Time"
          }
        },
        {
          "name": "deleted_at",
          "field": "deleted_at",
          "number": 8,
          "type": "timestamptz",
          "go_type": {
            "import": "time",
            "name": "Time",
            "pointer": true
          }
        }
      ],
      "primary_key": [
        "id"
      ],
      "indexes": [
        {
          "name": "orders_account_id_created_at_desc_id_desc_idx",
          "columns": [
            {
              "column": "account_id"
            },
            {
              "column": "created_at",
              "desc": true
            },
            {
              "column": "id",
              "desc": true
            }
          ],
          "where": "deleted_at IS NULL",
          "derived": true,
          "for": [
            "ListByAccount"
          ]
        }
      ],
      "index_budget": 4,
      "pos": {
        "file": "orders/v1/orders.proto",
        "line": 12,
        "col": 1
      }
    }
  ],
  "paths": {
    "OrderStore.ListByAccount": {
      "eq": [
        "account_id"
      ],
      "keys": [
        {
          "field": "created_at",
          "desc": true
        },
        {
          "field": "id",
          "desc": true
        }
      ],
      "index": "orders_account_id_created_at_desc_id_desc_idx"
    }
  }
}
