{
  "extensions": [
    "vector"
  ],
  "tables": [
    {
      "name": "http_request_log",
      "entity": "types.v1.HTTPRequestLog",
      "columns": [
        {
          "name": "id",
          "field": "id",
          "number": 1,
          "type": "bigint",
          "not_null": true,
          "go_type": {
            "name": "int64"
          }
        },
        {
          "name": "ok",
          "field": "ok",
          "number": 2,
          "type": "boolean",
          "not_null": true,
          "go_type": {
            "name": "bool"
          }
        },
        {
          "name": "i32",
          "field": "i32",
          "number": 3,
          "type": "integer",
          "not_null": true,
          "go_type": {
            "name": "int32"
          }
        },
        {
          "name": "s32",
          "field": "s32",
          "number": 4,
          "type": "integer",
          "not_null": true,
          "go_type": {
            "name": "int32"
          }
        },
        {
          "name": "sf32",
          "field": "sf32",
          "number": 5,
          "type": "integer",
          "not_null": true,
          "go_type": {
            "name": "int32"
          }
        },
        {
          "name": "i64",
          "field": "i64",
          "number": 6,
          "type": "bigint",
          "not_null": true,
          "go_type": {
            "name": "int64"
          }
        },
        {
          "name": "s64",
          "field": "s64",
          "number": 7,
          "type": "bigint",
          "not_null": true,
          "go_type": {
            "name": "int64"
          }
        },
        {
          "name": "sf64",
          "field": "sf64",
          "number": 8,
          "type": "bigint",
          "not_null": true,
          "go_type": {
            "name": "int64"
          }
        },
        {
          "name": "u32",
          "field": "u32",
          "number": 9,
          "type": "bigint",
          "not_null": true,
          "go_type": {
            "name": "int64"
          }
        },
        {
          "name": "f32",
          "field": "f32",
          "number": 10,
          "type": "bigint",
          "not_null": true,
          "go_type": {
            "name": "int64"
          }
        },
        {
          "name": "u64",
          "field": "u64",
          "number": 11,
          "type": "numeric(20, 0)",
          "not_null": true,
          "go_type": {
            "name": "string"
          }
        },
        {
          "name": "f64",
          "field": "f64",
          "number": 12,
          "type": "numeric(20, 0)",
          "not_null": true,
          "go_type": {
            "name": "string"
          }
        },
        {
          "name": "fl",
          "field": "fl",
          "number": 13,
          "type": "real",
          "not_null": true,
          "go_type": {
            "name": "float32"
          }
        },
        {
          "name": "db",
          "field": "db",
          "number": 14,
          "type": "double precision",
          "not_null": true,
          "go_type": {
            "name": "float64"
          }
        },
        {
          "name": "path",
          "field": "path",
          "number": 15,
          "type": "text",
          "not_null": true,
          "go_type": {
            "name": "string"
          }
        },
        {
          "name": "body",
          "field": "body",
          "number": 16,
          "type": "bytea",
          "not_null": true,
          "go_type": {
            "name": "[]byte"
          }
        },
        {
          "name": "color",
          "field": "color",
          "number": 17,
          "type": "text",
          "not_null": true,
          "go_type": {
            "name": "string"
          }
        },
        {
          "name": "created_at",
          "field": "created_at",
          "number": 18,
          "type": "timestamptz",
          "not_null": true,
          "go_type": {
            "import": "time",
            "name": "Time"
          }
        },
        {
          "name": "finished_at",
          "field": "finished_at",
          "number": 19,
          "type": "timestamptz",
          "go_type": {
            "import": "time",
            "name": "Time",
            "pointer": true
          }
        },
        {
          "name": "note",
          "field": "note",
          "number": 20,
          "type": "text",
          "go_type": {
            "name": "string",
            "pointer": true
          }
        },
        {
          "name": "tags",
          "field": "tags",
          "number": 21,
          "type": "text[]",
          "not_null": true,
          "go_type": {
            "name": "string",
            "slice": true
          }
        },
        {
          "name": "headers",
          "field": "headers",
          "number": 22,
          "type": "jsonb",
          "not_null": true,
          "go_type": {
            "import": "encoding/json",
            "name": "RawMessage"
          }
        },
        {
          "name": "meta",
          "field": "meta",
          "number": 23,
          "type": "jsonb",
          "not_null": true,
          "go_type": {
            "import": "encoding/json",
            "name": "RawMessage"
          }
        },
        {
          "name": "nested",
          "field": "nested",
          "number": 24,
          "type": "jsonb",
          "not_null": true,
          "go_type": {
            "import": "encoding/json",
            "name": "RawMessage"
          }
        },
        {
          "name": "nested_list",
          "field": "nested_list",
          "number": 25,
          "type": "jsonb",
          "not_null": true,
          "go_type": {
            "import": "encoding/json",
            "name": "RawMessage"
          }
        },
        {
          "name": "status",
          "field": "status",
          "number": 26,
          "type": "integer",
          "not_null": true,
          "go_type": {
            "name": "int32"
          }
        },
        {
          "name": "req_id",
          "field": "request_id",
          "number": 27,
          "type": "uuid",
          "not_null": true,
          "unique": true,
          "go_type": {
            "import": "github.com/google/uuid",
            "name": "UUID"
          }
        },
        {
          "name": "amount",
          "field": "amount",
          "number": 28,
          "type": "numeric",
          "not_null": true,
          "go_type": {
            "name": "string"
          }
        },
        {
          "name": "payload",
          "field": "payload",
          "number": 29,
          "type": "jsonb",
          "not_null": true,
          "go_type": {
            "import": "encoding/json",
            "name": "RawMessage"
          }
        },
        {
          "name": "embedding",
          "field": "embedding",
          "number": 30,
          "type": "vector(3)",
          "not_null": true,
          "go_type": {
            "import": "github.com/pgvector/pgvector-go",
            "name": "Vector"
          }
        },
        {
          "name": "ratio",
          "field": "ratio",
          "number": 32,
          "type": "double precision",
          "not_null": true,
          "go_type": {
            "name": "float64"
          }
        },
        {
          "name": "day",
          "field": "day",
          "number": 33,
          "type": "date",
          "not_null": true,
          "go_type": {
            "import": "time",
            "name": "Time"
          }
        },
        {
          "name": "client_ip",
          "field": "client_ip",
          "number": 34,
          "type": "inet",
          "not_null": true,
          "go_type": {
            "name": "string"
          }
        }
      ],
      "primary_key": [
        "id"
      ],
      "indexes": [
        {
          "name": "logs_by_path",
          "columns": [
            {
              "column": "path"
            },
            {
              "column": "created_at",
              "desc": true
            }
          ],
          "include": [
            "status"
          ],
          "where": "status \u003e= 500"
        }
      ],
      "index_budget": 3,
      "pos": {
        "file": "types/v1/types.proto",
        "line": 23,
        "col": 1
      }
    }
  ]
}
