dal209.proto:13:3: error DAL209: field "counter": uint64 has no Postgres type that holds its full range; set (dal.pg.v1.column).custom_type and go_type, or use int64
dal209.proto:14:3: error DAL209: field "ref": format uuid applies only to string fields, not int64
dal209.proto:15:3: error DAL209: field "legacy_id": type uuid doesn't fit field kind int64; use one of: bigint
